// Jest Snapshot v1, https://goo.gl/fbAQLP

exports[`ItemListMain component renders a .ItemListMain by default 1`] = `
<section
  className="ItemList"
>
  <ul
    className="item-list"
  />
  <div
    className="add-btn"
  >
    <Button
      className="Item__add-item-button"
      tag={
        Object {
          "$$typeof": Symbol(react.forward_ref),
          "displayName": "Link",
          "propTypes": Object {
            "innerRef": [Function],
            "onClick": [Function],
            "replace": [Function],
            "target": [Function],
            "to": [Function],
          },
          "render": [Function],
        }
      }
      to="/add-item"
      type="button"
    >
      Add Item
    </Button>
  </div>
</section>
`;
