// Jest Snapshot v1, https://goo.gl/fbAQLP

exports[`Button component renders a button.Button by default 1`] = `
<a
  className="Button "
/>
`;

exports[`Button component renders the circle button from props 1`] = `
<a
  className="Button test-class-name"
  data-other="test-other-prop"
>
  <p>
    test children
  </p>
</a>
`;
