// Jest Snapshot v1, https://goo.gl/fbAQLP

exports[`ItemListNav component renders a .ItemListNav by default 1`] = `
<div
  className="ItemListNav"
>
  <ul
    className="ItemListNav__list"
  />
  <div
    className="ItemListNav__button-wrapper"
  >
    <Button
      className="ItemListNav__add-category-button"
      tag={
        Object {
          "$$typeof": Symbol(react.forward_ref),
          "displayName": "Link",
          "propTypes": Object {
            "innerRef": [Function],
            "onClick": [Function],
            "replace": [Function],
            "target": [Function],
            "to": [Function],
          },
          "render": [Function],
        }
      }
      to="/add-category"
      type="button"
    >
      Add Category
    </Button>
  </div>
</div>
`;
