// Jest Snapshot v1, https://goo.gl/fbAQLP

exports[`ItemPageNav component renders a .ItemPageNav by default 1`] = `
<div
  className="ItemPageNav"
>
  <Button
    className="ItemPageNav__back-button"
    onClick={[Function]}
    role="link"
    tag="button"
  >
    Back
  </Button>
</div>
`;
